../Core/Src/Drivers/i2c_driver.c:71:6:I2C_Driver_Init	16	static
../Core/Src/Drivers/i2c_driver.c:98:6:I2C_Low_Level_Init	120	static
../Core/Src/Drivers/i2c_driver.c:132:6:I2C_Driver_Send	32	static
../Core/Src/Drivers/i2c_driver.c:136:6:I2C_Driver_Read	32	static
../Core/Src/Drivers/i2c_driver.c:143:6:HAL_I2C_MemTxCpltCallback	16	static,ignoring_inline_asm
../Core/Src/Drivers/i2c_driver.c:147:6:HAL_I2C_MemRxCpltCallback	16	static,ignoring_inline_asm
../Core/Src/Drivers/i2c_driver.c:152:6:I2C1_EV_IRQHandler	8	static
../Core/Src/Drivers/i2c_driver.c:157:6:I2C2_EV_IRQHandler	8	static
