../Core/Src/main.c:83:5:main	8	static
../Core/Src/main.c:164:6:SystemClock_Config	96	static
../Core/Src/main.c:207:13:MX_I2C1_Init	8	static
../Core/Src/main.c:255:13:MX_I2C2_Init	8	static
../Core/Src/main.c:303:13:MX_USART1_UART_Init	8	static
../Core/Src/main.c:338:13:MX_USART2_UART_Init	8	static
../Core/Src/main.c:373:13:MX_GPIO_Init	48	static
../Core/Src/main.c:443:6:StartDefaultTask	16	static
../Core/Src/main.c:464:6:HAL_TIM_PeriodElapsedCallback	16	static
../Core/Src/main.c:481:6:Error_Handler	4	static,ignoring_inline_asm
