../Core/Src/main.c:84:5:main	8	static
../Core/Src/main.c:166:6:SystemClock_Config	96	static
../Core/Src/main.c:209:13:MX_I2C1_Init	8	static
../Core/Src/main.c:257:13:MX_I2C2_Init	8	static
../Core/Src/main.c:305:13:MX_USART1_UART_Init	8	static
../Core/Src/main.c:340:13:MX_USART2_UART_Init	8	static
../Core/Src/main.c:375:13:MX_GPIO_Init	48	static
../Core/Src/main.c:444:6:StartDefaultTask	16	static
../Core/Src/main.c:465:6:HAL_TIM_PeriodElapsedCallback	16	static
../Core/Src/main.c:482:6:Error_Handler	4	static,ignoring_inline_asm
