../Core/Src/API/modem_api.c:110:6:Modem_API_Init	8	static
../Core/Src/API/modem_api.c:150:6:Modem_API_MessageParser	48	static
../Core/Src/API/modem_api.c:200:6:Modem_API_MessageThread	24	static
../Core/Src/API/modem_api.c:217:6:Modem_API_AnswerThread	16	static
../Core/Src/API/modem_api.c:307:6:Modem_API_GetLocation	40	static
../Core/Src/API/modem_api.c:328:6:Modem_API_SendCommand	16	static
../Core/Src/API/modem_api.c:335:6:Modem_API_SendSMS	224	static
../Core/Src/API/modem_api.c:385:6:Modem_API_GNSS_Power	48	static
../Core/Src/API/modem_api.c:427:6:Modem_API_CheckEpo	48	static
../Core/Src/API/modem_api.c:436:6:Modem_API_DownloadEPO	120	static
../Core/Src/API/modem_api.c:488:6:Modem_API_ReadSMS	56	static
../Core/Src/API/modem_api.c:514:6:Modem_API_DeleteSMS	56	static
../Core/Src/API/modem_api.c:530:6:Modem_API_SendLocation	144	static
../Core/Src/API/modem_api.c:559:6:Modem_API_AT_Response_CGNSCHK	32	static
../Core/Src/API/modem_api.c:604:6:Modem_API_AT_Response_CGNSINF	40	static
../Core/Src/API/modem_api.c:648:6:Modem_API_AT_Response_HTTPACTION	112	static
../Core/Src/API/modem_api.c:659:6:Modem_API_AT_Response_CMTI	32	static
../Core/Src/API/modem_api.c:691:6:Modem_API_AT_Response_CMGR	16	static
../Core/Src/API/modem_api.c:699:6:Modem_API_AT_Response_NotParsed	24	static
../Core/Src/API/modem_api.c:718:6:Modem_API_AT_Response_CCLK	16	static
../Core/Src/API/modem_api.c:723:6:Modem_API_AT_Response_DST	16	static
../Core/Src/API/modem_api.c:734:10:Modem_API_SendWait	36	static
../Core/Src/API/modem_api.c:789:6:Modem_API_CleanBuffer	24	static
